Component: ARM Compiler 5.06 update 5 (build 528) Tool: armlink [4d35e2]

==============================================================================

Section Cross References

    startup_stm32l1xx_md.o(RESET) refers to startup_stm32l1xx_md.o(STACK) for __initial_sp
    startup_stm32l1xx_md.o(RESET) refers to startup_stm32l1xx_md.o(.text) for Reset_Handler
    startup_stm32l1xx_md.o(.text) refers to main.o(main) for __main
    startup_stm32l1xx_md.o(.text) refers to startup_stm32l1xx_md.o(HEAP) for Heap_Mem
    startup_stm32l1xx_md.o(.text) refers to startup_stm32l1xx_md.o(STACK) for Stack_Mem
    main.o(main) refers to main.o(myData) for ARRAY


==============================================================================

Removing Unused input sections from the image.

    Removing stm32l1xx_tim_constants.o(__DEFINES_STM32L1xx_TIM_DUMMY), (0 bytes).
    Removing stm32l1xx_constants.o(__DEFINES_STM32L1xx_DUMMY), (0 bytes).

2 unused section(s) (total 0 bytes) removed from the image.

==============================================================================

Image Symbol Table

    Local Symbols

    Symbol Name                              Value     Ov Type        Size  Object(Section)

    RESET                                    0x00000000   Section      244  startup_stm32l1xx_md.o(RESET)
    C:\Users\ITokkyZ\Downloads\core_cm3_constant.s 0x00000000   Number         0  core_cm3_constant.o ABSOLUTE
    C:\Users\ITokkyZ\Downloads\main.s        0x00000000   Number         0  main.o ABSOLUTE
    C:\Users\ITokkyZ\Downloads\startup_stm32l1xx_md.s 0x00000000   Number         0  startup_stm32l1xx_md.o ABSOLUTE
    C:\Users\ITokkyZ\Downloads\stm32l1xx_constants.s 0x00000000   Number         0  stm32l1xx_constants.o ABSOLUTE
    C:\Users\ITokkyZ\Downloads\stm32l1xx_tim_constants.s 0x00000000   Number         0  stm32l1xx_tim_constants.o ABSOLUTE
    .text                                    0x000000f4   Section      108  startup_stm32l1xx_md.o(.text)
    main                                     0x00000160   Section       76  main.o(main)
    myData                                   0x20000000   Section       44  main.o(myData)
    ARRAY                                    0x20000000   Data          44  main.o(myData)
    HEAP                                     0x20000030   Section      512  startup_stm32l1xx_md.o(HEAP)
    Heap_Mem                                 0x20000030   Data         512  startup_stm32l1xx_md.o(HEAP)
    STACK                                    0x20000230   Section     1024  startup_stm32l1xx_md.o(STACK)
    Stack_Mem                                0x20000230   Data        1024  startup_stm32l1xx_md.o(STACK)
    __initial_sp                             0x20000630   Data           0  startup_stm32l1xx_md.o(STACK)

    Global Symbols

    Symbol Name                              Value     Ov Type        Size  Object(Section)

    BuildAttributes$$THM_ISAv4$P$D$K$B$S$PE$A:L22UL41UL21$X:L11$S22US41US21$IEEE1$IW$USESV6$~STKCKD$USESV7$~SHL$OSPACE$EBA8$STANDARDLIB$PRES8$EABIv2 0x00000000   Number         0  anon$$obj.o ABSOLUTE
    Image$$ER_IROM1$$RO$$Base                0x00000000   Number         0  anon$$obj.o ABSOLUTE
    Image$$ER_IROM1$$RW$$Length              0x00000000   Number         0  anon$$obj.o ABSOLUTE
    Image$$ER_IROM1$$ZI$$Length              0x00000000   Number         0  anon$$obj.o ABSOLUTE
    Image$$RW_IRAM1$$RO$$Length              0x00000000   Number         0  anon$$obj.o ABSOLUTE
    Load$$ER_IROM1$$Base                     0x00000000   Number         0  anon$$obj.o ABSOLUTE
    __Vectors                                0x00000000   Data           4  startup_stm32l1xx_md.o(RESET)
    Image$$RW_IRAM1$$Length                  0x0000002c   Number         0  anon$$obj.o ABSOLUTE
    Image$$RW_IRAM1$$RW$$Length              0x0000002c   Number         0  anon$$obj.o ABSOLUTE
    Reset_Handler                            0x000000f5   Thumb Code    40  startup_stm32l1xx_md.o(.text)
    __Vectors_End                            0x000000f4   Data           0  startup_stm32l1xx_md.o(RESET)
    __Vectors_Size                           0x000000f4   Number         0  startup_stm32l1xx_md.o ABSOLUTE
    NMI_Handler                              0x0000011d   Thumb Code     2  startup_stm32l1xx_md.o(.text)
    HardFault_Handler                        0x0000011f   Thumb Code     2  startup_stm32l1xx_md.o(.text)
    MemManage_Handler                        0x00000121   Thumb Code     2  startup_stm32l1xx_md.o(.text)
    BusFault_Handler                         0x00000123   Thumb Code     2  startup_stm32l1xx_md.o(.text)
    UsageFault_Handler                       0x00000125   Thumb Code     2  startup_stm32l1xx_md.o(.text)
    SVC_Handler                              0x00000127   Thumb Code     2  startup_stm32l1xx_md.o(.text)
    DebugMon_Handler                         0x00000129   Thumb Code     2  startup_stm32l1xx_md.o(.text)
    PendSV_Handler                           0x0000012b   Thumb Code     2  startup_stm32l1xx_md.o(.text)
    SysTick_Handler                          0x0000012d   Thumb Code     2  startup_stm32l1xx_md.o(.text)
    ADC1_IRQHandler                          0x0000012f   Thumb Code     0  startup_stm32l1xx_md.o(.text)
    COMP_IRQHandler                          0x0000012f   Thumb Code     0  startup_stm32l1xx_md.o(.text)
    DAC_IRQHandler                           0x0000012f   Thumb Code     0  startup_stm32l1xx_md.o(.text)
    DMA1_Channel1_IRQHandler                 0x0000012f   Thumb Code     0  startup_stm32l1xx_md.o(.text)
    DMA1_Channel2_IRQHandler                 0x0000012f   Thumb Code     0  startup_stm32l1xx_md.o(.text)
    DMA1_Channel3_IRQHandler                 0x0000012f   Thumb Code     0  startup_stm32l1xx_md.o(.text)
    DMA1_Channel4_IRQHandler                 0x0000012f   Thumb Code     0  startup_stm32l1xx_md.o(.text)
    DMA1_Channel5_IRQHandler                 0x0000012f   Thumb Code     0  startup_stm32l1xx_md.o(.text)
    DMA1_Channel6_IRQHandler                 0x0000012f   Thumb Code     0  startup_stm32l1xx_md.o(.text)
    DMA1_Channel7_IRQHandler                 0x0000012f   Thumb Code     0  startup_stm32l1xx_md.o(.text)
    EXTI0_IRQHandler                         0x0000012f   Thumb Code     0  startup_stm32l1xx_md.o(.text)
    EXTI15_10_IRQHandler                     0x0000012f   Thumb Code     0  startup_stm32l1xx_md.o(.text)
    EXTI1_IRQHandler                         0x0000012f   Thumb Code     0  startup_stm32l1xx_md.o(.text)
    EXTI2_IRQHandler                         0x0000012f   Thumb Code     0  startup_stm32l1xx_md.o(.text)
    EXTI3_IRQHandler                         0x0000012f   Thumb Code     0  startup_stm32l1xx_md.o(.text)
    EXTI4_IRQHandler                         0x0000012f   Thumb Code     0  startup_stm32l1xx_md.o(.text)
    EXTI9_5_IRQHandler                       0x0000012f   Thumb Code     0  startup_stm32l1xx_md.o(.text)
    FLASH_IRQHandler                         0x0000012f   Thumb Code     0  startup_stm32l1xx_md.o(.text)
    I2C1_ER_IRQHandler                       0x0000012f   Thumb Code     0  startup_stm32l1xx_md.o(.text)
    I2C1_EV_IRQHandler                       0x0000012f   Thumb Code     0  startup_stm32l1xx_md.o(.text)
    I2C2_ER_IRQHandler                       0x0000012f   Thumb Code     0  startup_stm32l1xx_md.o(.text)
    I2C2_EV_IRQHandler                       0x0000012f   Thumb Code     0  startup_stm32l1xx_md.o(.text)
    LCD_IRQHandler                           0x0000012f   Thumb Code     0  startup_stm32l1xx_md.o(.text)
    PVD_IRQHandler                           0x0000012f   Thumb Code     0  startup_stm32l1xx_md.o(.text)
    RCC_IRQHandler                           0x0000012f   Thumb Code     0  startup_stm32l1xx_md.o(.text)
    RTC_Alarm_IRQHandler                     0x0000012f   Thumb Code     0  startup_stm32l1xx_md.o(.text)
    RTC_WKUP_IRQHandler                      0x0000012f   Thumb Code     0  startup_stm32l1xx_md.o(.text)
    SPI1_IRQHandler                          0x0000012f   Thumb Code     0  startup_stm32l1xx_md.o(.text)
    SPI2_IRQHandler                          0x0000012f   Thumb Code     0  startup_stm32l1xx_md.o(.text)
    TAMPER_STAMP_IRQHandler                  0x0000012f   Thumb Code     0  startup_stm32l1xx_md.o(.text)
    TIM10_IRQHandler                         0x0000012f   Thumb Code     0  startup_stm32l1xx_md.o(.text)
    TIM11_IRQHandler                         0x0000012f   Thumb Code     0  startup_stm32l1xx_md.o(.text)
    TIM2_IRQHandler                          0x0000012f   Thumb Code     0  startup_stm32l1xx_md.o(.text)
    TIM3_IRQHandler                          0x0000012f   Thumb Code     0  startup_stm32l1xx_md.o(.text)
    TIM4_IRQHandler                          0x0000012f   Thumb Code     0  startup_stm32l1xx_md.o(.text)
    TIM6_IRQHandler                          0x0000012f   Thumb Code     0  startup_stm32l1xx_md.o(.text)
    TIM7_IRQHandler                          0x0000012f   Thumb Code     0  startup_stm32l1xx_md.o(.text)
    TIM9_IRQHandler                          0x0000012f   Thumb Code     0  startup_stm32l1xx_md.o(.text)
    USART1_IRQHandler                        0x0000012f   Thumb Code     0  startup_stm32l1xx_md.o(.text)
    USART2_IRQHandler                        0x0000012f   Thumb Code     0  startup_stm32l1xx_md.o(.text)
    USART3_IRQHandler                        0x0000012f   Thumb Code     0  startup_stm32l1xx_md.o(.text)
    USB_FS_WKUP_IRQHandler                   0x0000012f   Thumb Code     0  startup_stm32l1xx_md.o(.text)
    USB_HP_IRQHandler                        0x0000012f   Thumb Code     0  startup_stm32l1xx_md.o(.text)
    USB_LP_IRQHandler                        0x0000012f   Thumb Code     0  startup_stm32l1xx_md.o(.text)
    WWDG_IRQHandler                          0x0000012f   Thumb Code     0  startup_stm32l1xx_md.o(.text)
    __user_initial_stackheap                 0x00000131   Thumb Code     0  startup_stm32l1xx_md.o(.text)
    __main                                   0x00000161   Thumb Code     2  main.o(main)
    Image$$ER_IROM1$$RO$$Length              0x000001ac   Number         0  anon$$obj.o ABSOLUTE
    Image$$ER_IROM1$$RO$$Limit               0x000001ac   Number         0  anon$$obj.o ABSOLUTE
    Image$$ER_IROM1$$RW$$Base                0x000001ac   Number         0  anon$$obj.o ABSOLUTE
    Image$$ER_IROM1$$RW$$Limit               0x000001ac   Number         0  anon$$obj.o ABSOLUTE
    Image$$ER_IROM1$$ZI$$Base                0x000001ac   Number         0  anon$$obj.o ABSOLUTE
    Image$$ER_IROM1$$ZI$$Limit               0x000001ac   Number         0  anon$$obj.o ABSOLUTE
    Load$$RW_IRAM1$$Base                     0x000001ac   Number         0  anon$$obj.o ABSOLUTE
    Image$$RW_IRAM1$$ZI$$Length              0x00000604   Number         0  anon$$obj.o ABSOLUTE
    Image$$RW_IRAM1$$Base                    0x20000000   Number         0  anon$$obj.o ABSOLUTE
    Image$$RW_IRAM1$$RO$$Base                0x20000000   Number         0  anon$$obj.o ABSOLUTE
    Image$$RW_IRAM1$$RW$$Base                0x20000000   Number         0  anon$$obj.o ABSOLUTE
    Image$$RW_IRAM1$$Limit                   0x2000002c   Number         0  anon$$obj.o ABSOLUTE
    Image$$RW_IRAM1$$RW$$Limit               0x2000002c   Number         0  anon$$obj.o ABSOLUTE
    Image$$RW_IRAM1$$ZI$$Base                0x2000002c   Number         0  anon$$obj.o ABSOLUTE
    Image$$RW_IRAM1$$ZI$$Limit               0x20000630   Number         0  anon$$obj.o ABSOLUTE



==============================================================================

Memory Map of the image

  Image Entry point : 0x00000161

  Load Region LR_IROM1 (Base: 0x00000000, Size: 0x000001d8, Max: 0x00040000, ABSOLUTE)

    Execution Region ER_IROM1 (Exec base: 0x00000000, Load base: 0x00000000, Size: 0x000001ac, Max: 0x00040000, ABSOLUTE)

    Exec Addr    Load Addr    Size         Type   Attr      Idx    E Section Name        Object

    0x00000000   0x00000000   0x000000f4   Data   RO            5    RESET               startup_stm32l1xx_md.o
    0x000000f4   0x000000f4   0x0000006c   Code   RO            6    .text               startup_stm32l1xx_md.o
    0x00000160   0x00000160   0x0000004c   Code   RO           13  * main                main.o


    Execution Region RW_IRAM1 (Exec base: 0x20000000, Load base: 0x000001ac, Size: 0x00000630, Max: 0x00020000, ABSOLUTE)

    Exec Addr    Load Addr    Size         Type   Attr      Idx    E Section Name        Object

    0x20000000   0x000001ac   0x0000002c   Data   RW           12    myData              main.o
    0x2000002c   0x000001d8   0x00000004   PAD
    0x20000030        -       0x00000200   Zero   RW            4    HEAP                startup_stm32l1xx_md.o
    0x20000230        -       0x00000400   Zero   RW            3    STACK               startup_stm32l1xx_md.o


==============================================================================

Image component sizes


      Code (inc. data)   RO Data    RW Data    ZI Data      Debug   Object Name

        76          4          0         44          0        260   main.o
       108         38        244          0       1536        836   startup_stm32l1xx_md.o

    ----------------------------------------------------------------------
       184         42        244         44       1540       1096   Object Totals
         0          0          0          0          0          0   (incl. Generated)
         0          0          0          0          4          0   (incl. Padding)

    ----------------------------------------------------------------------
         0          0          0          0          0          0   Library Totals
         0          0          0          0          0          0   (incl. Padding)

    ----------------------------------------------------------------------

==============================================================================


      Code (inc. data)   RO Data    RW Data    ZI Data      Debug   

       184         42        244         44       1540       1096   Grand Totals
       184         42        244         44       1540       1096   ELF Image Totals
       184         42        244         44          0          0   ROM Totals

==============================================================================

    Total RO  Size (Code + RO Data)                  428 (   0.42kB)
    Total RW  Size (RW Data + ZI Data)              1584 (   1.55kB)
    Total ROM Size (Code + RO Data + RW Data)        472 (   0.46kB)

==============================================================================

